0
#
#!A
#
#
#
#
#
#
#
#
#
#
#
#
#
#
#
#
*1,1:Larsa:summoner|300,gatherer|50,summoner|300,gatherer|50,summoner|300,gatherer|50,summoner|300,gatherer|50,ogre|100:10

*20,1:Nabada:summoner|300,gatherer|50,summoner|300,gatherer|50,summoner|300,gatherer|50,summoner|300,gatherer|50,ogre|100:10

*11,3:Deir Alla:summoner|300,gatherer|50,summoner|300,gatherer|50,summoner|300,gatherer|50,summoner|300,gatherer|50,dragon|100:10

*1,7:Deir Alla:summoner|300,gatherer|50,summoner|300,gatherer|50,summoner|300,gatherer|50,summoner|300,gatherer|50,archer|100:10

*20,7:Dan:summoner|300,gatherer|50,summoner|300,gatherer|50,summoner|300,gatherer|50,summoner|300,gatherer|50,archer|100:10

*5,14:Masat Hoyuk:summoner|300,gatherer|50,summoner|300,gatherer|50,summoner|300,gatherer|50,summoner|300,gatherer|50,dragon|100:10

*17,14:Sharuhen:summoner|300,gatherer|50,summoner|300,gatherer|50,summoner|300,gatherer|50,summoner|300,gatherer|50,dragon|100:10

